// Jest Snapshot v1, https://goo.gl/fbAQLP

exports[` Pruebas AddCategory.js debe mostrar el componente correctamente 1`] = `
<form
  onSubmit={[Function]}
>
  <p />
  <input
    onChange={[Function]}
    type="text"
    value=""
  />
</form>
`;
