// Jest Snapshot v1, https://goo.gl/fbAQLP

exports[`Pruebas en GifGridItem debe mostrar las pruebas correctamente 1`] = `
<div
  className="card animate__animated animate__heartBeat"
>
  <img
    alt="Un titulo"
    src="https://elquetepincha.com"
  />
  <p>
    Un titulo
  </p>
</div>
`;
